node:internal/modules/package_json_reader:301
  throw new ERR_MODULE_NOT_FOUND(packageName, fileURLToPath(base), null);
        ^

Error [ERR_MODULE_NOT_FOUND]: Cannot find package 'argon2' imported from /Users/rahul/Projects/atom-website-main/local-auth-server/server.js
    at Object.getPackageJSONURL (node:internal/modules/package_json_reader:301:9)
    at packageResolve (node:internal/modules/esm/resolve:768:81)
    at moduleResolve (node:internal/modules/esm/resolve:859:18)
    at defaultResolve (node:internal/modules/esm/resolve:992:11)
    at #cachedDefaultResolve (node:internal/modules/esm/loader:691:20)
    at #resolveAndMaybeBlockOnLoaderThread (node:internal/modules/esm/loader:708:38)
    at ModuleLoader.resolveSync (node:internal/modules/esm/loader:740:52)
    at #resolve (node:internal/modules/esm/loader:673:17)
    at ModuleLoader.getOrCreateModuleJob (node:internal/modules/esm/loader:593:35)
    at ModuleJob.syncLink (node:internal/modules/esm/module_job:163:33) {
  code: 'ERR_MODULE_NOT_FOUND'
}

Node.js v24.16.0
node:internal/modules/package_json_reader:301
  throw new ERR_MODULE_NOT_FOUND(packageName, fileURLToPath(base), null);
        ^

Error [ERR_MODULE_NOT_FOUND]: Cannot find package 'argon2' imported from /Users/rahul/Projects/atom-website-main/local-auth-server/server.js
    at Object.getPackageJSONURL (node:internal/modules/package_json_reader:301:9)
    at packageResolve (node:internal/modules/esm/resolve:768:81)
    at moduleResolve (node:internal/modules/esm/resolve:859:18)
    at defaultResolve (node:internal/modules/esm/resolve:992:11)
    at #cachedDefaultResolve (node:internal/modules/esm/loader:691:20)
    at #resolveAndMaybeBlockOnLoaderThread (node:internal/modules/esm/loader:708:38)
    at ModuleLoader.resolveSync (node:internal/modules/esm/loader:740:52)
    at #resolve (node:internal/modules/esm/loader:673:17)
    at ModuleLoader.getOrCreateModuleJob (node:internal/modules/esm/loader:593:35)
    at ModuleJob.syncLink (node:internal/modules/esm/module_job:163:33) {
  code: 'ERR_MODULE_NOT_FOUND'
}

Node.js v24.16.0
node:internal/modules/package_json_reader:301
  throw new ERR_MODULE_NOT_FOUND(packageName, fileURLToPath(base), null);
        ^

Error [ERR_MODULE_NOT_FOUND]: Cannot find package 'argon2' imported from /Users/rahul/Projects/atom-website-main/local-auth-server/server.js
    at Object.getPackageJSONURL (node:internal/modules/package_json_reader:301:9)
    at packageResolve (node:internal/modules/esm/resolve:768:81)
    at moduleResolve (node:internal/modules/esm/resolve:859:18)
    at defaultResolve (node:internal/modules/esm/resolve:992:11)
    at #cachedDefaultResolve (node:internal/modules/esm/loader:691:20)
    at #resolveAndMaybeBlockOnLoaderThread (node:internal/modules/esm/loader:708:38)
    at ModuleLoader.resolveSync (node:internal/modules/esm/loader:740:52)
    at #resolve (node:internal/modules/esm/loader:673:17)
    at ModuleLoader.getOrCreateModuleJob (node:internal/modules/esm/loader:593:35)
    at ModuleJob.syncLink (node:internal/modules/esm/module_job:163:33) {
  code: 'ERR_MODULE_NOT_FOUND'
}

Node.js v24.16.0
/Users/rahul/Projects/atom-website-main/node_modules/bindings/bindings.js:126
  err = new Error(
        ^

Error: Could not locate the bindings file. Tried:
 → /Users/rahul/Projects/atom-website-main/node_modules/better-sqlite3/build/better_sqlite3.node
 → /Users/rahul/Projects/atom-website-main/node_modules/better-sqlite3/build/Debug/better_sqlite3.node
 → /Users/rahul/Projects/atom-website-main/node_modules/better-sqlite3/build/Release/better_sqlite3.node
 → /Users/rahul/Projects/atom-website-main/node_modules/better-sqlite3/out/Debug/better_sqlite3.node
 → /Users/rahul/Projects/atom-website-main/node_modules/better-sqlite3/Debug/better_sqlite3.node
 → /Users/rahul/Projects/atom-website-main/node_modules/better-sqlite3/out/Release/better_sqlite3.node
 → /Users/rahul/Projects/atom-website-main/node_modules/better-sqlite3/Release/better_sqlite3.node
 → /Users/rahul/Projects/atom-website-main/node_modules/better-sqlite3/build/default/better_sqlite3.node
 → /Users/rahul/Projects/atom-website-main/node_modules/better-sqlite3/compiled/24.16.0/darwin/arm64/better_sqlite3.node
 → /Users/rahul/Projects/atom-website-main/node_modules/better-sqlite3/addon-build/release/install-root/better_sqlite3.node
 → /Users/rahul/Projects/atom-website-main/node_modules/better-sqlite3/addon-build/debug/install-root/better_sqlite3.node
 → /Users/rahul/Projects/atom-website-main/node_modules/better-sqlite3/addon-build/default/install-root/better_sqlite3.node
 → /Users/rahul/Projects/atom-website-main/node_modules/better-sqlite3/lib/binding/node-v137-darwin-arm64/better_sqlite3.node
    at bindings (/Users/rahul/Projects/atom-website-main/node_modules/bindings/bindings.js:126:9)
    at new Database (/Users/rahul/Projects/atom-website-main/node_modules/better-sqlite3/lib/database.js:48:64)
    at file:///Users/rahul/Projects/atom-website-main/local-auth-server/server.js:53:12
    at ModuleJob.run (node:internal/modules/esm/module_job:439:25)
    at async node:internal/modules/esm/loader:633:26
    at async asyncRunEntryPointWithESMLoader (node:internal/modules/run_main:101:5) {
  tries: [
    '/Users/rahul/Projects/atom-website-main/node_modules/better-sqlite3/build/better_sqlite3.node',
    '/Users/rahul/Projects/atom-website-main/node_modules/better-sqlite3/build/Debug/better_sqlite3.node',
    '/Users/rahul/Projects/atom-website-main/node_modules/better-sqlite3/build/Release/better_sqlite3.node',
    '/Users/rahul/Projects/atom-website-main/node_modules/better-sqlite3/out/Debug/better_sqlite3.node',
    '/Users/rahul/Projects/atom-website-main/node_modules/better-sqlite3/Debug/better_sqlite3.node',
    '/Users/rahul/Projects/atom-website-main/node_modules/better-sqlite3/out/Release/better_sqlite3.node',
    '/Users/rahul/Projects/atom-website-main/node_modules/better-sqlite3/Release/better_sqlite3.node',
    '/Users/rahul/Projects/atom-website-main/node_modules/better-sqlite3/build/default/better_sqlite3.node',
    '/Users/rahul/Projects/atom-website-main/node_modules/better-sqlite3/compiled/24.16.0/darwin/arm64/better_sqlite3.node',
    '/Users/rahul/Projects/atom-website-main/node_modules/better-sqlite3/addon-build/release/install-root/better_sqlite3.node',
    '/Users/rahul/Projects/atom-website-main/node_modules/better-sqlite3/addon-build/debug/install-root/better_sqlite3.node',
    '/Users/rahul/Projects/atom-website-main/node_modules/better-sqlite3/addon-build/default/install-root/better_sqlite3.node',
    '/Users/rahul/Projects/atom-website-main/node_modules/better-sqlite3/lib/binding/node-v137-darwin-arm64/better_sqlite3.node'
  ]
}

Node.js v24.16.0
/Users/rahul/Projects/atom-website-main/node_modules/bindings/bindings.js:126
  err = new Error(
        ^

Error: Could not locate the bindings file. Tried:
 → /Users/rahul/Projects/atom-website-main/node_modules/better-sqlite3/build/better_sqlite3.node
 → /Users/rahul/Projects/atom-website-main/node_modules/better-sqlite3/build/Debug/better_sqlite3.node
 → /Users/rahul/Projects/atom-website-main/node_modules/better-sqlite3/build/Release/better_sqlite3.node
 → /Users/rahul/Projects/atom-website-main/node_modules/better-sqlite3/out/Debug/better_sqlite3.node
 → /Users/rahul/Projects/atom-website-main/node_modules/better-sqlite3/Debug/better_sqlite3.node
 → /Users/rahul/Projects/atom-website-main/node_modules/better-sqlite3/out/Release/better_sqlite3.node
 → /Users/rahul/Projects/atom-website-main/node_modules/better-sqlite3/Release/better_sqlite3.node
 → /Users/rahul/Projects/atom-website-main/node_modules/better-sqlite3/build/default/better_sqlite3.node
 → /Users/rahul/Projects/atom-website-main/node_modules/better-sqlite3/compiled/24.16.0/darwin/arm64/better_sqlite3.node
 → /Users/rahul/Projects/atom-website-main/node_modules/better-sqlite3/addon-build/release/install-root/better_sqlite3.node
 → /Users/rahul/Projects/atom-website-main/node_modules/better-sqlite3/addon-build/debug/install-root/better_sqlite3.node
 → /Users/rahul/Projects/atom-website-main/node_modules/better-sqlite3/addon-build/default/install-root/better_sqlite3.node
 → /Users/rahul/Projects/atom-website-main/node_modules/better-sqlite3/lib/binding/node-v137-darwin-arm64/better_sqlite3.node
    at bindings (/Users/rahul/Projects/atom-website-main/node_modules/bindings/bindings.js:126:9)
    at new Database (/Users/rahul/Projects/atom-website-main/node_modules/better-sqlite3/lib/database.js:48:64)
    at file:///Users/rahul/Projects/atom-website-main/local-auth-server/server.js:53:12
    at ModuleJob.run (node:internal/modules/esm/module_job:439:25)
    at async node:internal/modules/esm/loader:633:26
    at async asyncRunEntryPointWithESMLoader (node:internal/modules/run_main:101:5) {
  tries: [
    '/Users/rahul/Projects/atom-website-main/node_modules/better-sqlite3/build/better_sqlite3.node',
    '/Users/rahul/Projects/atom-website-main/node_modules/better-sqlite3/build/Debug/better_sqlite3.node',
    '/Users/rahul/Projects/atom-website-main/node_modules/better-sqlite3/build/Release/better_sqlite3.node',
    '/Users/rahul/Projects/atom-website-main/node_modules/better-sqlite3/out/Debug/better_sqlite3.node',
    '/Users/rahul/Projects/atom-website-main/node_modules/better-sqlite3/Debug/better_sqlite3.node',
    '/Users/rahul/Projects/atom-website-main/node_modules/better-sqlite3/out/Release/better_sqlite3.node',
    '/Users/rahul/Projects/atom-website-main/node_modules/better-sqlite3/Release/better_sqlite3.node',
    '/Users/rahul/Projects/atom-website-main/node_modules/better-sqlite3/build/default/better_sqlite3.node',
    '/Users/rahul/Projects/atom-website-main/node_modules/better-sqlite3/compiled/24.16.0/darwin/arm64/better_sqlite3.node',
    '/Users/rahul/Projects/atom-website-main/node_modules/better-sqlite3/addon-build/release/install-root/better_sqlite3.node',
    '/Users/rahul/Projects/atom-website-main/node_modules/better-sqlite3/addon-build/debug/install-root/better_sqlite3.node',
    '/Users/rahul/Projects/atom-website-main/node_modules/better-sqlite3/addon-build/default/install-root/better_sqlite3.node',
    '/Users/rahul/Projects/atom-website-main/node_modules/better-sqlite3/lib/binding/node-v137-darwin-arm64/better_sqlite3.node'
  ]
}

Node.js v24.16.0
/Users/rahul/Projects/atom-website-main/node_modules/bindings/bindings.js:126
  err = new Error(
        ^

Error: Could not locate the bindings file. Tried:
 → /Users/rahul/Projects/atom-website-main/node_modules/better-sqlite3/build/better_sqlite3.node
 → /Users/rahul/Projects/atom-website-main/node_modules/better-sqlite3/build/Debug/better_sqlite3.node
 → /Users/rahul/Projects/atom-website-main/node_modules/better-sqlite3/build/Release/better_sqlite3.node
 → /Users/rahul/Projects/atom-website-main/node_modules/better-sqlite3/out/Debug/better_sqlite3.node
 → /Users/rahul/Projects/atom-website-main/node_modules/better-sqlite3/Debug/better_sqlite3.node
 → /Users/rahul/Projects/atom-website-main/node_modules/better-sqlite3/out/Release/better_sqlite3.node
 → /Users/rahul/Projects/atom-website-main/node_modules/better-sqlite3/Release/better_sqlite3.node
 → /Users/rahul/Projects/atom-website-main/node_modules/better-sqlite3/build/default/better_sqlite3.node
 → /Users/rahul/Projects/atom-website-main/node_modules/better-sqlite3/compiled/24.16.0/darwin/arm64/better_sqlite3.node
 → /Users/rahul/Projects/atom-website-main/node_modules/better-sqlite3/addon-build/release/install-root/better_sqlite3.node
 → /Users/rahul/Projects/atom-website-main/node_modules/better-sqlite3/addon-build/debug/install-root/better_sqlite3.node
 → /Users/rahul/Projects/atom-website-main/node_modules/better-sqlite3/addon-build/default/install-root/better_sqlite3.node
 → /Users/rahul/Projects/atom-website-main/node_modules/better-sqlite3/lib/binding/node-v137-darwin-arm64/better_sqlite3.node
    at bindings (/Users/rahul/Projects/atom-website-main/node_modules/bindings/bindings.js:126:9)
    at new Database (/Users/rahul/Projects/atom-website-main/node_modules/better-sqlite3/lib/database.js:48:64)
    at file:///Users/rahul/Projects/atom-website-main/local-auth-server/server.js:53:12
    at ModuleJob.run (node:internal/modules/esm/module_job:439:25)
    at async node:internal/modules/esm/loader:633:26
    at async asyncRunEntryPointWithESMLoader (node:internal/modules/run_main:101:5) {
  tries: [
    '/Users/rahul/Projects/atom-website-main/node_modules/better-sqlite3/build/better_sqlite3.node',
    '/Users/rahul/Projects/atom-website-main/node_modules/better-sqlite3/build/Debug/better_sqlite3.node',
    '/Users/rahul/Projects/atom-website-main/node_modules/better-sqlite3/build/Release/better_sqlite3.node',
    '/Users/rahul/Projects/atom-website-main/node_modules/better-sqlite3/out/Debug/better_sqlite3.node',
    '/Users/rahul/Projects/atom-website-main/node_modules/better-sqlite3/Debug/better_sqlite3.node',
    '/Users/rahul/Projects/atom-website-main/node_modules/better-sqlite3/out/Release/better_sqlite3.node',
    '/Users/rahul/Projects/atom-website-main/node_modules/better-sqlite3/Release/better_sqlite3.node',
    '/Users/rahul/Projects/atom-website-main/node_modules/better-sqlite3/build/default/better_sqlite3.node',
    '/Users/rahul/Projects/atom-website-main/node_modules/better-sqlite3/compiled/24.16.0/darwin/arm64/better_sqlite3.node',
    '/Users/rahul/Projects/atom-website-main/node_modules/better-sqlite3/addon-build/release/install-root/better_sqlite3.node',
    '/Users/rahul/Projects/atom-website-main/node_modules/better-sqlite3/addon-build/debug/install-root/better_sqlite3.node',
    '/Users/rahul/Projects/atom-website-main/node_modules/better-sqlite3/addon-build/default/install-root/better_sqlite3.node',
    '/Users/rahul/Projects/atom-website-main/node_modules/better-sqlite3/lib/binding/node-v137-darwin-arm64/better_sqlite3.node'
  ]
}

Node.js v24.16.0
